---
source: memfaultd/src/cli/memfault_core_handler/elf_utils.rs
expression: build_id
---
[
    79,
    9,
    180,
    226,
    186,
    202,
    75,
    209,
    31,
    154,
    186,
    199,
    234,
    48,
    220,
    89,
    64,
    85,
    85,
    84,
]
