---
source: memfaultd/src/metrics/statsd_server/mod.rs
expression: fixture_legacy_gauge_aggregation.mock.take_metrics().unwrap()
---
{
  "test_counter": 2.0,
  "test_gauge": 6.0
}
