---
source: memfaultd/src/config/config_file.rs
expression: disk_config_string
---
"{\"key\":true,\"key2\":false}"
