---
source: memfaultd/src/metrics/metric_report_manager.rs
expression: builder.unwrap().get_metadata()
---
{
  "type": "linux-metric-report",
  "metadata": {
    "metrics": {
      "foo": 1.6666666666666667
    },
    "duration_ms": 0,
    "report_type": "heartbeat"
  }
}
