---
source: memfaultd/src/logs/log_filter.rs
expression: service.take_metrics().unwrap()
---
{}
