---
source: memfaultd/src/logs/log_filter.rs
expression: "log_entries.into_iter().map(|entry|\n                log_filter.apply_rules(entry)).flatten().collect::<Vec<_>>()"
---
[]
