---
source: memfaultd/src/logs/log_filter.rs
expression: service.take_metrics().unwrap()
---
{
  "polite_questions": 3.0
}
