---
source: memfaultd/src/logs/syslog.rs
expression: result
---
{
  "ts": "2025-05-15T21:30:46+00:00",
  "data": {
    "MESSAGE": "Kernel panic detected!!",
    "_SYSTEMD_UNIT": "kernel",
    "PRIORITY": "5"
  }
}
