---
source: memfaultd/src/logs/syslog.rs
expression: result
---
{
  "ts": "2025-05-15T21:30:45+00:00",
  "data": {
    "MESSAGE": "System started",
    "_PID": "1234",
    "_SYSTEMD_UNIT": "systemd",
    "PRIORITY": "2"
  }
}
