---
source: memfaultd/src/metrics/connectivity/report_sync_event_handler.rs
expression: "serde_json::to_string_pretty(&sorted_metrics).expect(\"metric_store should be serializable\")"
---
{
  "sync_failure": 10.0,
  "sync_successful": 90.0
}
