---
source: memfaultd/src/http_server/response.rs
expression: "serde_json::to_string(&HttpResponse::Error(\"oops\".into())).unwrap()"
---
{"status":"error","message":"oops"}
