---
source: memfaultd/src/network/requests.rs
expression: response
---
{
  "data": {
    "config": {
      "memfault": {
        "sampling": {
          "debugging.resolution": "normal",
          "logging.resolution": "high",
          "monitoring.resolution": "low"
        },
        "data_upload_start_date": "1991-03-25T00:00:00+00:00"
      }
    },
    "revision": 123,
    "completed": 100
  }
}
